--------------------------------------------------------------------------------
Release 14.2 Trace  (nt)
Copyright (c) 1995-2012 Xilinx, Inc.  All rights reserved.

G:\Xilinx\14.2\ISE_DS\ISE\bin\nt\unwrapped\trce.exe -intstyle ise -v 3 -s 5 -n
3 -fastpaths -xml rca2.twx rca2.ncd -o rca2.twr rca2.pcf -ucf rca.ucf

Design file:              rca2.ncd
Physical constraint file: rca2.pcf
Device,package,speed:     xc3s100e,cp132,-5 (PRODUCTION 1.27 2012-07-09)
Report level:             verbose report

Environment Variable      Effect 
--------------------      ------ 
NONE                      No environment variables were set
--------------------------------------------------------------------------------

INFO:Timing:2698 - No timing constraints found, doing default enumeration.
INFO:Timing:3412 - To improve timing, see the Timing Closure User Guide (UG612).
INFO:Timing:2752 - To get complete path coverage, use the unconstrained paths 
   option. All paths that are not constrained will be reported in the 
   unconstrained paths section(s) of the report.
INFO:Timing:3339 - The clock-to-out numbers in this timing report are based on 
   a 50 Ohm transmission line loading model.  For the details of this model, 
   and for more information on accounting for different loading conditions, 
   please see the device datasheet.
INFO:Timing:3390 - This architecture does not support a default System Jitter 
   value, please add SYSTEM_JITTER constraint to the UCF to modify the Clock 
   Uncertainty calculation.
INFO:Timing:3389 - This architecture does not support 'Discrete Jitter' and 
   'Phase Error' calculations, these terms will be zero in the Clock 
   Uncertainty calculation.  Please make appropriate modification to 
   SYSTEM_JITTER to account for the unsupported Discrete Jitter and Phase 
   Error.



Data Sheet report:
-----------------
All values displayed in nanoseconds (ns)

Setup/Hold to clock mclk
------------+------------+------------+------------------+--------+
            |Max Setup to|Max Hold to |                  | Clock  |
Source      | clk (edge) | clk (edge) |Internal Clock(s) | Phase  |
------------+------------+------------+------------------+--------+
rs          |    1.048(R)|    0.639(R)|mclk_BUFGP        |   0.000|
------------+------------+------------+------------------+--------+

Clock A<0> to Pad
------------+------------+---------------------+--------+
            | clk (edge) |                     | Clock  |
Destination |   to PAD   |Internal Clock(s)    | Phase  |
------------+------------+---------------------+--------+
seg<0>      |   12.690(F)|seggy/led2_mux0000<0>|   0.000|
            |   13.553(F)|seggy/led_not0001    |   0.000|
seg<1>      |   12.688(F)|seggy/led2_mux0000<0>|   0.000|
            |   13.203(F)|seggy/led_not0001    |   0.000|
seg<2>      |   12.789(F)|seggy/led2_mux0000<0>|   0.000|
            |   13.270(F)|seggy/led_not0001    |   0.000|
seg<3>      |   13.158(F)|seggy/led2_mux0000<0>|   0.000|
            |   13.841(F)|seggy/led_not0001    |   0.000|
seg<4>      |   12.593(F)|seggy/led2_mux0000<0>|   0.000|
            |   13.076(F)|seggy/led_not0001    |   0.000|
seg<5>      |   13.516(F)|seggy/led_not0001    |   0.000|
seg<6>      |   13.279(F)|seggy/led_not0001    |   0.000|
seg<7>      |   12.589(F)|seggy/led2_mux0000<0>|   0.000|
            |   12.923(F)|seggy/led_not0001    |   0.000|
------------+------------+---------------------+--------+

Clock A<1> to Pad
------------+------------+---------------------+--------+
            | clk (edge) |                     | Clock  |
Destination |   to PAD   |Internal Clock(s)    | Phase  |
------------+------------+---------------------+--------+
seg<0>      |   12.697(F)|seggy/led2_mux0000<0>|   0.000|
            |   13.560(F)|seggy/led_not0001    |   0.000|
seg<1>      |   12.695(F)|seggy/led2_mux0000<0>|   0.000|
            |   13.210(F)|seggy/led_not0001    |   0.000|
seg<2>      |   12.796(F)|seggy/led2_mux0000<0>|   0.000|
            |   13.277(F)|seggy/led_not0001    |   0.000|
seg<3>      |   13.165(F)|seggy/led2_mux0000<0>|   0.000|
            |   13.848(F)|seggy/led_not0001    |   0.000|
seg<4>      |   12.600(F)|seggy/led2_mux0000<0>|   0.000|
            |   13.083(F)|seggy/led_not0001    |   0.000|
seg<5>      |   13.523(F)|seggy/led_not0001    |   0.000|
seg<6>      |   13.286(F)|seggy/led_not0001    |   0.000|
seg<7>      |   12.596(F)|seggy/led2_mux0000<0>|   0.000|
            |   12.930(F)|seggy/led_not0001    |   0.000|
------------+------------+---------------------+--------+

Clock A<2> to Pad
------------+------------+---------------------+--------+
            | clk (edge) |                     | Clock  |
Destination |   to PAD   |Internal Clock(s)    | Phase  |
------------+------------+---------------------+--------+
seg<0>      |   12.234(F)|seggy/led2_mux0000<0>|   0.000|
            |   13.097(F)|seggy/led_not0001    |   0.000|
seg<1>      |   12.232(F)|seggy/led2_mux0000<0>|   0.000|
            |   12.747(F)|seggy/led_not0001    |   0.000|
seg<2>      |   12.333(F)|seggy/led2_mux0000<0>|   0.000|
            |   12.814(F)|seggy/led_not0001    |   0.000|
seg<3>      |   12.702(F)|seggy/led2_mux0000<0>|   0.000|
            |   13.385(F)|seggy/led_not0001    |   0.000|
seg<4>      |   12.137(F)|seggy/led2_mux0000<0>|   0.000|
            |   12.620(F)|seggy/led_not0001    |   0.000|
seg<5>      |   13.060(F)|seggy/led_not0001    |   0.000|
seg<6>      |   12.823(F)|seggy/led_not0001    |   0.000|
seg<7>      |   12.133(F)|seggy/led2_mux0000<0>|   0.000|
            |   12.467(F)|seggy/led_not0001    |   0.000|
------------+------------+---------------------+--------+

Clock A<3> to Pad
------------+------------+---------------------+--------+
            | clk (edge) |                     | Clock  |
Destination |   to PAD   |Internal Clock(s)    | Phase  |
------------+------------+---------------------+--------+
seg<0>      |   10.701(F)|seggy/led2_mux0000<0>|   0.000|
            |   11.564(F)|seggy/led_not0001    |   0.000|
seg<1>      |   10.699(F)|seggy/led2_mux0000<0>|   0.000|
            |   11.214(F)|seggy/led_not0001    |   0.000|
seg<2>      |   10.800(F)|seggy/led2_mux0000<0>|   0.000|
            |   11.281(F)|seggy/led_not0001    |   0.000|
seg<3>      |   11.169(F)|seggy/led2_mux0000<0>|   0.000|
            |   11.852(F)|seggy/led_not0001    |   0.000|
seg<4>      |   10.604(F)|seggy/led2_mux0000<0>|   0.000|
            |   11.087(F)|seggy/led_not0001    |   0.000|
seg<5>      |   11.527(F)|seggy/led_not0001    |   0.000|
seg<6>      |   11.290(F)|seggy/led_not0001    |   0.000|
seg<7>      |   10.600(F)|seggy/led2_mux0000<0>|   0.000|
            |   10.934(F)|seggy/led_not0001    |   0.000|
------------+------------+---------------------+--------+

Clock B<0> to Pad
------------+------------+---------------------+--------+
            | clk (edge) |                     | Clock  |
Destination |   to PAD   |Internal Clock(s)    | Phase  |
------------+------------+---------------------+--------+
seg<0>      |   13.685(F)|seggy/led2_mux0000<0>|   0.000|
            |   14.548(F)|seggy/led_not0001    |   0.000|
seg<1>      |   13.683(F)|seggy/led2_mux0000<0>|   0.000|
            |   14.198(F)|seggy/led_not0001    |   0.000|
seg<2>      |   13.784(F)|seggy/led2_mux0000<0>|   0.000|
            |   14.265(F)|seggy/led_not0001    |   0.000|
seg<3>      |   14.153(F)|seggy/led2_mux0000<0>|   0.000|
            |   14.836(F)|seggy/led_not0001    |   0.000|
seg<4>      |   13.588(F)|seggy/led2_mux0000<0>|   0.000|
            |   14.071(F)|seggy/led_not0001    |   0.000|
seg<5>      |   14.511(F)|seggy/led_not0001    |   0.000|
seg<6>      |   14.274(F)|seggy/led_not0001    |   0.000|
seg<7>      |   13.584(F)|seggy/led2_mux0000<0>|   0.000|
            |   13.918(F)|seggy/led_not0001    |   0.000|
------------+------------+---------------------+--------+

Clock B<1> to Pad
------------+------------+---------------------+--------+
            | clk (edge) |                     | Clock  |
Destination |   to PAD   |Internal Clock(s)    | Phase  |
------------+------------+---------------------+--------+
seg<0>      |   12.310(F)|seggy/led2_mux0000<0>|   0.000|
            |   13.173(F)|seggy/led_not0001    |   0.000|
seg<1>      |   12.308(F)|seggy/led2_mux0000<0>|   0.000|
            |   12.823(F)|seggy/led_not0001    |   0.000|
seg<2>      |   12.409(F)|seggy/led2_mux0000<0>|   0.000|
            |   12.890(F)|seggy/led_not0001    |   0.000|
seg<3>      |   12.778(F)|seggy/led2_mux0000<0>|   0.000|
            |   13.461(F)|seggy/led_not0001    |   0.000|
seg<4>      |   12.213(F)|seggy/led2_mux0000<0>|   0.000|
            |   12.696(F)|seggy/led_not0001    |   0.000|
seg<5>      |   13.136(F)|seggy/led_not0001    |   0.000|
seg<6>      |   12.899(F)|seggy/led_not0001    |   0.000|
seg<7>      |   12.209(F)|seggy/led2_mux0000<0>|   0.000|
            |   12.543(F)|seggy/led_not0001    |   0.000|
------------+------------+---------------------+--------+

Clock B<2> to Pad
------------+------------+---------------------+--------+
            | clk (edge) |                     | Clock  |
Destination |   to PAD   |Internal Clock(s)    | Phase  |
------------+------------+---------------------+--------+
seg<0>      |   11.689(F)|seggy/led2_mux0000<0>|   0.000|
            |   12.723(F)|seggy/led_not0001    |   0.000|
seg<1>      |   11.687(F)|seggy/led2_mux0000<0>|   0.000|
            |   12.373(F)|seggy/led_not0001    |   0.000|
seg<2>      |   11.788(F)|seggy/led2_mux0000<0>|   0.000|
            |   12.440(F)|seggy/led_not0001    |   0.000|
seg<3>      |   12.157(F)|seggy/led2_mux0000<0>|   0.000|
            |   13.011(F)|seggy/led_not0001    |   0.000|
seg<4>      |   11.592(F)|seggy/led2_mux0000<0>|   0.000|
            |   12.246(F)|seggy/led_not0001    |   0.000|
seg<5>      |   12.686(F)|seggy/led_not0001    |   0.000|
seg<6>      |   12.449(F)|seggy/led_not0001    |   0.000|
seg<7>      |   11.588(F)|seggy/led2_mux0000<0>|   0.000|
            |   12.093(F)|seggy/led_not0001    |   0.000|
------------+------------+---------------------+--------+

Clock B<3> to Pad
------------+------------+---------------------+--------+
            | clk (edge) |                     | Clock  |
Destination |   to PAD   |Internal Clock(s)    | Phase  |
------------+------------+---------------------+--------+
seg<0>      |   11.287(F)|seggy/led2_mux0000<0>|   0.000|
            |   12.150(F)|seggy/led_not0001    |   0.000|
seg<1>      |   11.285(F)|seggy/led2_mux0000<0>|   0.000|
            |   11.800(F)|seggy/led_not0001    |   0.000|
seg<2>      |   11.386(F)|seggy/led2_mux0000<0>|   0.000|
            |   11.867(F)|seggy/led_not0001    |   0.000|
seg<3>      |   11.755(F)|seggy/led2_mux0000<0>|   0.000|
            |   12.438(F)|seggy/led_not0001    |   0.000|
seg<4>      |   11.190(F)|seggy/led2_mux0000<0>|   0.000|
            |   11.673(F)|seggy/led_not0001    |   0.000|
seg<5>      |   12.113(F)|seggy/led_not0001    |   0.000|
seg<6>      |   11.876(F)|seggy/led_not0001    |   0.000|
seg<7>      |   11.186(F)|seggy/led2_mux0000<0>|   0.000|
            |   11.520(F)|seggy/led_not0001    |   0.000|
------------+------------+---------------------+--------+

Clock mclk to Pad
------------+------------+------------------+--------+
            | clk (edge) |                  | Clock  |
Destination |   to PAD   |Internal Clock(s) | Phase  |
------------+------------+------------------+--------+
anode<0>    |    7.630(R)|mclk_BUFGP        |   0.000|
anode<1>    |    8.739(R)|mclk_BUFGP        |   0.000|
anode<2>    |    9.180(R)|mclk_BUFGP        |   0.000|
anode<3>    |    8.738(R)|mclk_BUFGP        |   0.000|
seg<0>      |   11.208(R)|mclk_BUFGP        |   0.000|
seg<1>      |   10.855(R)|mclk_BUFGP        |   0.000|
seg<2>      |   11.227(R)|mclk_BUFGP        |   0.000|
seg<3>      |   11.440(R)|mclk_BUFGP        |   0.000|
seg<4>      |   11.228(R)|mclk_BUFGP        |   0.000|
seg<5>      |   11.497(R)|mclk_BUFGP        |   0.000|
seg<6>      |   11.263(R)|mclk_BUFGP        |   0.000|
seg<7>      |   11.546(R)|mclk_BUFGP        |   0.000|
------------+------------+------------------+--------+

Clock to Setup on destination clock A<0>
---------------+---------+---------+---------+---------+
               | Src:Rise| Src:Fall| Src:Rise| Src:Fall|
Source Clock   |Dest:Rise|Dest:Rise|Dest:Fall|Dest:Fall|
---------------+---------+---------+---------+---------+
A<0>           |         |         |    2.893|    2.893|
A<1>           |         |         |    2.900|    2.900|
A<2>           |         |         |    2.437|    2.437|
A<3>           |         |         |    0.904|    0.904|
B<0>           |         |         |    3.888|    3.888|
B<1>           |         |         |    2.513|    2.513|
B<2>           |         |         |    1.892|    1.892|
B<3>           |         |         |    1.490|    1.490|
---------------+---------+---------+---------+---------+

Clock to Setup on destination clock A<1>
---------------+---------+---------+---------+---------+
               | Src:Rise| Src:Fall| Src:Rise| Src:Fall|
Source Clock   |Dest:Rise|Dest:Rise|Dest:Fall|Dest:Fall|
---------------+---------+---------+---------+---------+
A<0>           |         |         |    2.805|    2.805|
A<1>           |         |         |    2.812|    2.812|
A<2>           |         |         |    2.349|    2.349|
A<3>           |         |         |    0.816|    0.816|
B<0>           |         |         |    3.800|    3.800|
B<1>           |         |         |    2.425|    2.425|
B<2>           |         |         |    1.804|    1.804|
B<3>           |         |         |    1.402|    1.402|
---------------+---------+---------+---------+---------+

Clock to Setup on destination clock A<2>
---------------+---------+---------+---------+---------+
               | Src:Rise| Src:Fall| Src:Rise| Src:Fall|
Source Clock   |Dest:Rise|Dest:Rise|Dest:Fall|Dest:Fall|
---------------+---------+---------+---------+---------+
A<0>           |         |         |    2.644|    2.644|
A<1>           |         |         |    2.651|    2.651|
A<2>           |         |         |    2.188|    2.188|
A<3>           |         |         |    0.655|    0.655|
B<0>           |         |         |    3.639|    3.639|
B<1>           |         |         |    2.264|    2.264|
B<2>           |         |         |    1.643|    1.643|
B<3>           |         |         |    1.241|    1.241|
---------------+---------+---------+---------+---------+

Clock to Setup on destination clock A<3>
---------------+---------+---------+---------+---------+
               | Src:Rise| Src:Fall| Src:Rise| Src:Fall|
Source Clock   |Dest:Rise|Dest:Rise|Dest:Fall|Dest:Fall|
---------------+---------+---------+---------+---------+
A<0>           |         |         |    2.835|    2.835|
A<1>           |         |         |    2.842|    2.842|
A<2>           |         |         |    2.379|    2.379|
A<3>           |         |         |    0.846|    0.846|
B<0>           |         |         |    3.830|    3.830|
B<1>           |         |         |    2.455|    2.455|
B<2>           |         |         |    1.834|    1.834|
B<3>           |         |         |    1.432|    1.432|
---------------+---------+---------+---------+---------+

Clock to Setup on destination clock B<0>
---------------+---------+---------+---------+---------+
               | Src:Rise| Src:Fall| Src:Rise| Src:Fall|
Source Clock   |Dest:Rise|Dest:Rise|Dest:Fall|Dest:Fall|
---------------+---------+---------+---------+---------+
A<0>           |         |         |    2.741|    2.741|
A<1>           |         |         |    2.748|    2.748|
A<2>           |         |         |    2.285|    2.285|
A<3>           |         |         |    0.752|    0.752|
B<0>           |         |         |    3.736|    3.736|
B<1>           |         |         |    2.361|    2.361|
B<2>           |         |         |    1.740|    1.740|
B<3>           |         |         |    1.338|    1.338|
---------------+---------+---------+---------+---------+

Clock to Setup on destination clock B<1>
---------------+---------+---------+---------+---------+
               | Src:Rise| Src:Fall| Src:Rise| Src:Fall|
Source Clock   |Dest:Rise|Dest:Rise|Dest:Fall|Dest:Fall|
---------------+---------+---------+---------+---------+
A<0>           |         |         |    3.118|    3.118|
A<1>           |         |         |    3.125|    3.125|
A<2>           |         |         |    2.662|    2.662|
A<3>           |         |         |    1.129|    1.129|
B<0>           |         |         |    4.113|    4.113|
B<1>           |         |         |    2.738|    2.738|
B<2>           |         |         |    2.117|    2.117|
B<3>           |         |         |    1.715|    1.715|
---------------+---------+---------+---------+---------+

Clock to Setup on destination clock B<2>
---------------+---------+---------+---------+---------+
               | Src:Rise| Src:Fall| Src:Rise| Src:Fall|
Source Clock   |Dest:Rise|Dest:Rise|Dest:Fall|Dest:Fall|
---------------+---------+---------+---------+---------+
A<0>           |         |         |    2.764|    2.764|
A<1>           |         |         |    2.771|    2.771|
A<2>           |         |         |    2.308|    2.308|
A<3>           |         |         |    0.775|    0.775|
B<0>           |         |         |    3.759|    3.759|
B<1>           |         |         |    2.384|    2.384|
B<2>           |         |         |    1.763|    1.763|
B<3>           |         |         |    1.361|    1.361|
---------------+---------+---------+---------+---------+

Clock to Setup on destination clock B<3>
---------------+---------+---------+---------+---------+
               | Src:Rise| Src:Fall| Src:Rise| Src:Fall|
Source Clock   |Dest:Rise|Dest:Rise|Dest:Fall|Dest:Fall|
---------------+---------+---------+---------+---------+
A<0>           |         |         |    2.366|    2.366|
A<1>           |         |         |    2.373|    2.373|
A<2>           |         |         |    1.910|    1.910|
A<3>           |         |         |    0.377|    0.377|
B<0>           |         |         |    3.361|    3.361|
B<1>           |         |         |    1.986|    1.986|
B<2>           |         |         |    1.365|    1.365|
B<3>           |         |         |    0.963|    0.963|
---------------+---------+---------+---------+---------+

Clock to Setup on destination clock mclk
---------------+---------+---------+---------+---------+
               | Src:Rise| Src:Fall| Src:Rise| Src:Fall|
Source Clock   |Dest:Rise|Dest:Rise|Dest:Fall|Dest:Fall|
---------------+---------+---------+---------+---------+
mclk           |    2.419|         |         |         |
---------------+---------+---------+---------+---------+

Pad to Pad
---------------+---------------+---------+
Source Pad     |Destination Pad|  Delay  |
---------------+---------------+---------+
A<0>           |sum<0>         |    7.100|
A<0>           |sum<1>         |    7.212|
A<0>           |sum<2>         |    8.078|
A<0>           |sum<3>         |    8.924|
A<0>           |sum<4>         |    8.940|
A<1>           |sum<1>         |    7.322|
A<1>           |sum<2>         |    8.085|
A<1>           |sum<3>         |    8.931|
A<1>           |sum<4>         |    8.947|
A<2>           |sum<2>         |    7.494|
A<2>           |sum<3>         |    8.468|
A<2>           |sum<4>         |    8.484|
A<3>           |sum<3>         |    6.935|
A<3>           |sum<4>         |    7.203|
B<0>           |sum<0>         |    7.313|
B<0>           |sum<1>         |    7.402|
B<0>           |sum<2>         |    9.073|
B<0>           |sum<3>         |    9.919|
B<0>           |sum<4>         |    9.935|
B<1>           |sum<1>         |    6.931|
B<1>           |sum<2>         |    7.698|
B<1>           |sum<3>         |    8.544|
B<1>           |sum<4>         |    8.560|
B<2>           |sum<2>         |    7.344|
B<2>           |sum<3>         |    7.923|
B<2>           |sum<4>         |    7.939|
B<3>           |sum<3>         |    7.521|
B<3>           |sum<4>         |    7.274|
---------------+---------------+---------+


Analysis completed Wed Oct 03 13:15:38 2012 
--------------------------------------------------------------------------------

Trace Settings:
-------------------------
Trace Settings 

Peak Memory Usage: 122 MB



