Release 14.2 - xst P.28xd (nt)
Copyright (c) 1995-2012 Xilinx, Inc.  All rights reserved.
--> Parameter TMPDIR set to xst/projnav.tmp


Total REAL time to Xst completion: 0.00 secs
Total CPU time to Xst completion: 0.19 secs
 
--> Parameter xsthdpdir set to xst


Total REAL time to Xst completion: 0.00 secs
Total CPU time to Xst completion: 0.19 secs
 
--> Reading design: ledflash.prj

TABLE OF CONTENTS
  1) Synthesis Options Summary
  2) HDL Compilation
  3) Design Hierarchy Analysis
  4) HDL Analysis
  5) HDL Synthesis
     5.1) HDL Synthesis Report
  6) Advanced HDL Synthesis
     6.1) Advanced HDL Synthesis Report
  7) Low Level Synthesis
  8) Partition Report
  9) Final Report
	9.1) Device utilization summary
	9.2) Partition Resource Summary
	9.3) TIMING REPORT


=========================================================================
*                      Synthesis Options Summary                        *
=========================================================================
---- Source Parameters
Input File Name                    : "ledflash.prj"
Input Format                       : mixed
Ignore Synthesis Constraint File   : NO

---- Target Parameters
Output File Name                   : "ledflash"
Output Format                      : NGC
Target Device                      : xc3s100e-5-cp132

---- Source Options
Top Module Name                    : ledflash
Automatic FSM Extraction           : YES
FSM Encoding Algorithm             : Auto
Safe Implementation                : No
FSM Style                          : LUT
RAM Extraction                     : Yes
RAM Style                          : Auto
ROM Extraction                     : Yes
Mux Style                          : Auto
Decoder Extraction                 : YES
Priority Encoder Extraction        : Yes
Shift Register Extraction          : YES
Logical Shifter Extraction         : YES
XOR Collapsing                     : YES
ROM Style                          : Auto
Mux Extraction                     : Yes
Resource Sharing                   : YES
Asynchronous To Synchronous        : NO
Multiplier Style                   : Auto
Automatic Register Balancing       : No

---- Target Options
Add IO Buffers                     : YES
Global Maximum Fanout              : 100000
Add Generic Clock Buffer(BUFG)     : 24
Register Duplication               : YES
Slice Packing                      : YES
Optimize Instantiated Primitives   : NO
Use Clock Enable                   : Yes
Use Synchronous Set                : Yes
Use Synchronous Reset              : Yes
Pack IO Registers into IOBs        : Auto
Equivalent register Removal        : YES

---- General Options
Optimization Goal                  : Speed
Optimization Effort                : 1
Keep Hierarchy                     : No
Netlist Hierarchy                  : As_Optimized
RTL Output                         : Yes
Global Optimization                : AllClockNets
Read Cores                         : YES
Write Timing Constraints           : NO
Cross Clock Analysis               : NO
Hierarchy Separator                : /
Bus Delimiter                      : <>
Case Specifier                     : Maintain
Slice Utilization Ratio            : 100
BRAM Utilization Ratio             : 100
Verilog 2001                       : YES
Auto BRAM Packing                  : NO
Slice Utilization Ratio Delta      : 5

=========================================================================


=========================================================================
*                          HDL Compilation                              *
=========================================================================
Compiling verilog file "clkDivider.v" in library work
Compiling verilog file "ledflash.v" in library work
Module <clkDivider> compiled
Module <ledflash> compiled
No errors in compilation
Analysis of file <"ledflash.prj"> succeeded.
 

=========================================================================
*                     Design Hierarchy Analysis                         *
=========================================================================
Analyzing hierarchy for module <ledflash> in library <work>.

Analyzing hierarchy for module <clkDivider> in library <work>.


=========================================================================
*                            HDL Analysis                               *
=========================================================================
Analyzing top module <ledflash>.
Module <ledflash> is correct for synthesis.
 
Analyzing module <clkDivider> in library <work>.
Module <clkDivider> is correct for synthesis.
 

=========================================================================
*                           HDL Synthesis                               *
=========================================================================

Performing bidirectional port resolution...

Synthesizing Unit <clkDivider>.
    Related source file is "clkDivider.v".
    Found 16-bit up counter for signal <counter>.
    Summary:
	inferred   1 Counter(s).
Unit <clkDivider> synthesized.


Synthesizing Unit <ledflash>.
    Related source file is "ledflash.v".
    Found 1-bit register for signal <ledreg>.
    Summary:
	inferred   1 D-type flip-flop(s).
Unit <ledflash> synthesized.


=========================================================================
HDL Synthesis Report

Macro Statistics
# Counters                                             : 1
 16-bit up counter                                     : 1
# Registers                                            : 1
 1-bit register                                        : 1

=========================================================================

=========================================================================
*                       Advanced HDL Synthesis                          *
=========================================================================


=========================================================================
Advanced HDL Synthesis Report

Macro Statistics
# Counters                                             : 1
 16-bit up counter                                     : 1
# Registers                                            : 1
 Flip-Flops                                            : 1

=========================================================================

=========================================================================
*                         Low Level Synthesis                           *
=========================================================================

Optimizing unit <ledflash> ...

Mapping all equations...
Building and optimizing final netlist ...
Found area constraint ratio of 100 (+ 5) on block ledflash, actual ratio is 2.

Final Macro Processing ...

=========================================================================
Final Register Report

Macro Statistics
# Registers                                            : 17
 Flip-Flops                                            : 17

=========================================================================

=========================================================================
*                           Partition Report                            *
=========================================================================

Partition Implementation Status
-------------------------------

  No Partitions were found in this design.

-------------------------------

=========================================================================
*                            Final Report                               *
=========================================================================
Final Results
RTL Top Level Output File Name     : ledflash.ngr
Top Level Output File Name         : ledflash
Output Format                      : NGC
Optimization Goal                  : Speed
Keep Hierarchy                     : No

Design Statistics
# IOs                              : 3

Cell Usage :
# BELS                             : 71
#      GND                         : 1
#      INV                         : 2
#      LUT1                        : 15
#      LUT2                        : 16
#      LUT4                        : 4
#      LUT4_L                      : 1
#      MUXCY                       : 15
#      VCC                         : 1
#      XORCY                       : 16
# FlipFlops/Latches                : 17
#      FDC                         : 16
#      FDR                         : 1
# Clock Buffers                    : 1
#      BUFGP                       : 1
# IO Buffers                       : 2
#      IBUF                        : 1
#      OBUF                        : 1
=========================================================================

Device utilization summary:
---------------------------

Selected Device : 3s100ecp132-5 

 Number of Slices:                       20  out of    960     2%  
 Number of Slice Flip Flops:             17  out of   1920     0%  
 Number of 4 input LUTs:                 38  out of   1920     1%  
 Number of IOs:                           3
 Number of bonded IOBs:                   3  out of     83     3%  
 Number of GCLKs:                         1  out of     24     4%  

---------------------------
Partition Resource Summary:
---------------------------

  No Partitions were found in this design.

---------------------------


=========================================================================
TIMING REPORT

NOTE: THESE TIMING NUMBERS ARE ONLY A SYNTHESIS ESTIMATE.
      FOR ACCURATE TIMING INFORMATION PLEASE REFER TO THE TRACE REPORT
      GENERATED AFTER PLACE-and-ROUTE.

Clock Information:
------------------
-----------------------------------+------------------------+-------+
Clock Signal                       | Clock buffer(FF name)  | Load  |
-----------------------------------+------------------------+-------+
clkDivOut(clky/clkDivOut68:O)      | NONE(*)(ledreg)        | 1     |
mclk                               | BUFGP                  | 16    |
-----------------------------------+------------------------+-------+
(*) This 1 clock signal(s) are generated by combinatorial logic,
and XST is not able to identify which are the primary clock signals.
Please use the CLOCK_SIGNAL constraint to specify the clock signal(s) generated by combinatorial logic.
INFO:Xst:2169 - HDL ADVISOR - Some clock signals were not automatically buffered by XST with BUFG/BUFR resources. Please use the buffer_type constraint in order to insert these buffers to the clock signals to help prevent skew problems.

Asynchronous Control Signals Information:
----------------------------------------
-----------------------------------+------------------------+-------+
Control Signal                     | Buffer(FF name)        | Load  |
-----------------------------------+------------------------+-------+
rs                                 | IBUF                   | 16    |
-----------------------------------+------------------------+-------+

Timing Summary:
---------------
Speed Grade: -5

   Minimum period: 4.736ns (Maximum Frequency: 211.129MHz)
   Minimum input arrival time before clock: 2.794ns
   Maximum output required time after clock: 4.063ns
   Maximum combinational path delay: No path found

Timing Detail:
--------------
All values displayed in nanoseconds (ns)

=========================================================================
Timing constraint: Default period analysis for Clock 'clkDivOut'
  Clock period: 2.131ns (frequency: 469.274MHz)
  Total number of paths / destination ports: 1 / 1
-------------------------------------------------------------------------
Delay:               2.131ns (Levels of Logic = 1)
  Source:            ledreg (FF)
  Destination:       ledreg (FF)
  Source Clock:      clkDivOut rising
  Destination Clock: clkDivOut rising

  Data Path: ledreg to ledreg
                                Gate     Net
    Cell:in->out      fanout   Delay   Delay  Logical Name (Net Name)
    ----------------------------------------  ------------
     FDR:C->Q              2   0.514   0.380  ledreg (ledreg)
     INV:I->O              1   0.612   0.357  ledreg_not00011_INV_0 (ledreg_not0001)
     FDR:D                     0.268          ledreg
    ----------------------------------------
    Total                      2.131ns (1.394ns logic, 0.737ns route)
                                       (65.4% logic, 34.6% route)

=========================================================================
Timing constraint: Default period analysis for Clock 'mclk'
  Clock period: 4.736ns (frequency: 211.129MHz)
  Total number of paths / destination ports: 392 / 16
-------------------------------------------------------------------------
Delay:               4.736ns (Levels of Logic = 17)
  Source:            clky/counter_1 (FF)
  Destination:       clky/counter_15 (FF)
  Source Clock:      mclk rising
  Destination Clock: mclk rising

  Data Path: clky/counter_1 to clky/counter_15
                                Gate     Net
    Cell:in->out      fanout   Delay   Delay  Logical Name (Net Name)
    ----------------------------------------  ------------
     FDC:C->Q              2   0.514   0.532  clky/counter_1 (clky/counter_1)
     LUT1:I0->O            1   0.612   0.000  clky/Mcount_counter_cy<1>_rt (clky/Mcount_counter_cy<1>_rt)
     MUXCY:S->O            1   0.404   0.000  clky/Mcount_counter_cy<1> (clky/Mcount_counter_cy<1>)
     MUXCY:CI->O           1   0.052   0.000  clky/Mcount_counter_cy<2> (clky/Mcount_counter_cy<2>)
     MUXCY:CI->O           1   0.052   0.000  clky/Mcount_counter_cy<3> (clky/Mcount_counter_cy<3>)
     MUXCY:CI->O           1   0.052   0.000  clky/Mcount_counter_cy<4> (clky/Mcount_counter_cy<4>)
     MUXCY:CI->O           1   0.052   0.000  clky/Mcount_counter_cy<5> (clky/Mcount_counter_cy<5>)
     MUXCY:CI->O           1   0.052   0.000  clky/Mcount_counter_cy<6> (clky/Mcount_counter_cy<6>)
     MUXCY:CI->O           1   0.052   0.000  clky/Mcount_counter_cy<7> (clky/Mcount_counter_cy<7>)
     MUXCY:CI->O           1   0.052   0.000  clky/Mcount_counter_cy<8> (clky/Mcount_counter_cy<8>)
     MUXCY:CI->O           1   0.052   0.000  clky/Mcount_counter_cy<9> (clky/Mcount_counter_cy<9>)
     MUXCY:CI->O           1   0.052   0.000  clky/Mcount_counter_cy<10> (clky/Mcount_counter_cy<10>)
     MUXCY:CI->O           1   0.052   0.000  clky/Mcount_counter_cy<11> (clky/Mcount_counter_cy<11>)
     MUXCY:CI->O           1   0.052   0.000  clky/Mcount_counter_cy<12> (clky/Mcount_counter_cy<12>)
     MUXCY:CI->O           1   0.052   0.000  clky/Mcount_counter_cy<13> (clky/Mcount_counter_cy<13>)
     MUXCY:CI->O           0   0.052   0.000  clky/Mcount_counter_cy<14> (clky/Mcount_counter_cy<14>)
     XORCY:CI->O           1   0.699   0.426  clky/Mcount_counter_xor<15> (Result<15>)
     LUT2:I1->O            1   0.612   0.000  clky/Mcount_counter_eqn_151 (clky/Mcount_counter_eqn_15)
     FDC:D                     0.268          clky/counter_15
    ----------------------------------------
    Total                      4.736ns (3.779ns logic, 0.958ns route)
                                       (79.8% logic, 20.2% route)

=========================================================================
Timing constraint: Default OFFSET IN BEFORE for Clock 'clkDivOut'
  Total number of paths / destination ports: 1 / 1
-------------------------------------------------------------------------
Offset:              2.794ns (Levels of Logic = 1)
  Source:            rs (PAD)
  Destination:       ledreg (FF)
  Destination Clock: clkDivOut rising

  Data Path: rs to ledreg
                                Gate     Net
    Cell:in->out      fanout   Delay   Delay  Logical Name (Net Name)
    ----------------------------------------  ------------
     IBUF:I->O            17   1.106   0.893  rs_IBUF (rs_IBUF)
     FDR:R                     0.795          ledreg
    ----------------------------------------
    Total                      2.794ns (1.901ns logic, 0.893ns route)
                                       (68.0% logic, 32.0% route)

=========================================================================
Timing constraint: Default OFFSET OUT AFTER for Clock 'clkDivOut'
  Total number of paths / destination ports: 1 / 1
-------------------------------------------------------------------------
Offset:              4.063ns (Levels of Logic = 1)
  Source:            ledreg (FF)
  Destination:       led (PAD)
  Source Clock:      clkDivOut rising

  Data Path: ledreg to led
                                Gate     Net
    Cell:in->out      fanout   Delay   Delay  Logical Name (Net Name)
    ----------------------------------------  ------------
     FDR:C->Q              2   0.514   0.380  ledreg (ledreg)
     OBUF:I->O                 3.169          led_OBUF (led)
    ----------------------------------------
    Total                      4.063ns (3.683ns logic, 0.380ns route)
                                       (90.6% logic, 9.4% route)

=========================================================================


Total REAL time to Xst completion: 5.00 secs
Total CPU time to Xst completion: 5.38 secs
 
--> 

Total memory usage is 211976 kilobytes

Number of errors   :    0 (   0 filtered)
Number of warnings :    0 (   0 filtered)
Number of infos    :    1 (   0 filtered)

