MO Sor NULL Sor.v vlg38/_sor.bin 1353463443
MO ME NULL ME.v vlg46/_m_e.bin 1353463443
MO InvAnd NULL InvAnd.v vlg2C/_inv_and.bin 1353463443
MO Nand NULL Nand.v vlg19/_nand.bin 1353463443
MO Nor NULL Nor.v vlg3B/_nor.bin 1353463443
MO Cascoded_Tree_Arbiter NULL Cascoded_Tree_Arbiter.v vlg6D/_cascoded___tree___arbiter.bin 1353463443
MO C_Element NULL C_Element.v vlg24/_c___element.bin 1353463443
